// Jest Snapshot v1, https://goo.gl/fbAQLP

exports[`test counter app snapshot app title 1`] = `"Counter App"`;
